$ docker run --rm --network df-run-21936c190dff40e0a7f35145fe0eccdc -v /private/tmp/proofline-official-spec:/work:ro -v /Users/shivamgupta/.cache/proofline-checks/s3-isolated-01:/out -e PYTHONDONTWRITEBYTECODE=1 -e PYTEST_DISABLE_PLUGIN_AUTOLOAD=1 -e COLUMNS=200 -w /work df-harness-runner python -m pytest tablekeeper/test/stage_4 --base-url http://df-svc-590b9cba8eed:8080 -p harness.plugin --rootdir tablekeeper/test -q -x --previous-base-url http://df-svc-590b9cba8eed:8080 --harness-summary /out/stage-4.counts.json

....F
=============================================================================================== FAILURES ===============================================================================================
________________________________________________________________________________ test_series_clock_time_can_be_changed _________________________________________________________________________________

world = namespace(fixture={'users': [{'id': 'u_ada', 'email': 'ada@example.com', 'password': 'correct horse', 'display_name': ...', date='2026-10-04', ada=<harness.http.Api object at 0xfdb4e76b2c00>, bob=<harness.http.Api object at 0xfdb4e837ac60>)
book = <function book.<locals>._book at 0xfdb4e75572e0>

    def test_series_clock_time_can_be_changed(world, book):
        from harness.http import new_key
        anchor = book().json()
        made = world.ada.post('/series', json=dict(anchor_reference=anchor['reference'],
            count=2, interval_weeks=1), idempotency_key=new_key())
        assert made.status_code == 201
        response = world.ada.post('/series/' + made.json()['series_id'] + '/amend',
            json=dict(expected_revision=1, from_index=0, local_time='20:00'), idempotency_key=new_key())
>       assert response.status_code == 201
E       assert 404 == 201
E        +  where 404 = <Response [404 Not Found]>.status_code

tablekeeper/test/stage_4/test_sample.py:90: AssertionError
=========================================================================================== warnings summary ===========================================================================================
../usr/local/lib/python3.12/site-packages/_pytest/cacheprovider.py:469
  /usr/local/lib/python3.12/site-packages/_pytest/cacheprovider.py:469: PytestCacheWarning: could not create cache path /work/tablekeeper/test/.pytest_cache/v/cache/nodeids: [Errno 30] Read-only file system: '/work/tablekeeper/test/pytest-cache-files-sq25phsw'
    config.cache.set("cache/nodeids", sorted(self.cached_nodeids))

../usr/local/lib/python3.12/site-packages/_pytest/cacheprovider.py:423
  /usr/local/lib/python3.12/site-packages/_pytest/cacheprovider.py:423: PytestCacheWarning: could not create cache path /work/tablekeeper/test/.pytest_cache/v/cache/lastfailed: [Errno 30] Read-only file system: '/work/tablekeeper/test/pytest-cache-files-z69x9hnr'
    config.cache.set("cache/lastfailed", self.lastfailed)

-- Docs: https://docs.pytest.org/en/stable/how-to/capture-warnings.html
======================================================================================= short test summary info ========================================================================================
FAILED tablekeeper/test/stage_4/test_sample.py::test_series_clock_time_can_be_changed - assert 404 == 201
!!!!!!!!!!!!!!!!!!!!!!!!!!!!!!!!!!!!!!!!!!!!!!!!!!!!!!!!!!!!!!!!!!!!!!!!!!!!!!!!!!!!!! stopping after 1 failures !!!!!!!!!!!!!!!!!!!!!!!!!!!!!!!!!!!!!!!!!!!!!!!!!!!!!!!!!!!!!!!!!!!!!!!!!!!!!!!!!!!!!!!
1 failed, 4 passed, 2 warnings in 0.93s

