test_capacity_closed_empty_and_cancelled (test_availability.AvailabilityTests.test_capacity_closed_empty_and_cancelled) ... ok
test_effective_restaurant_drives_grid_duration_capacity (test_availability.AvailabilityTests.test_effective_restaurant_drives_grid_duration_capacity) ... ok
test_explanation_rules_independent_and_omitted_by_default (test_availability.AvailabilityTests.test_explanation_rules_independent_and_omitted_by_default) ... ok
test_fold_overlap_compares_absolute_instants (test_availability.AvailabilityTests.test_fold_overlap_compares_absolute_instants) ... ok
test_half_open_overlap_and_fixture_order (test_availability.AvailabilityTests.test_half_open_overlap_and_fixture_order) ... ok
test_inputs_not_mutated_and_result_not_aliased (test_availability.AvailabilityTests.test_inputs_not_mutated_and_result_not_aliased) ... ok
test_pairs_capacity_is_sum_no_transitive_options (test_availability.AvailabilityTests.test_pairs_capacity_is_sum_no_transitive_options) ... ok
test_pairs_in_declared_order_and_occupy_both_members (test_availability.AvailabilityTests.test_pairs_in_declared_order_and_occupy_both_members) ... ok
test_party_type_and_range (test_availability.AvailabilityTests.test_party_type_and_range) ... ok
test_changed_form_new_key_and_empty_day (test_browser.BrowserTests.test_changed_form_new_key_and_empty_day) ... ok
test_conflict_refresh_keeps_form (test_browser.BrowserTests.test_conflict_refresh_keeps_form) ... ok
test_late_search_cannot_restore_old_restaurant (test_browser.BrowserTests.test_late_search_cannot_restore_old_restaurant) ... ok
test_lost_response_exact_retry_survives_import (test_browser.BrowserTests.test_lost_response_exact_retry_survives_import) ... ok
test_manager_policy_and_immutable_guest_terms (test_browser.BrowserTests.test_manager_policy_and_immutable_guest_terms) ... ok
test_pair_confirmation_replay_lookup_cancel_mobile (test_browser.BrowserTests.test_pair_confirmation_replay_lookup_cancel_mobile) ... ok
test_pair_lost_response_retry (test_browser.BrowserTests.test_pair_lost_response_retry) ... ok
test_policy_uncertain_retry_and_permission_screen (test_browser.BrowserTests.test_policy_uncertain_retry_and_permission_screen) ... ok
test_series_adoption_replay_list_and_history (test_browser.BrowserTests.test_series_adoption_replay_list_and_history) ... ok
test_signup_and_signed_out_booking (test_browser.BrowserTests.test_signup_and_signed_out_booking) ... ok
test_50_mixed_contenders_have_one_winner (test_combinations.CombinationTests.test_50_mixed_contenders_have_one_winner) ... ok
test_atomic_pair_single_swap_and_no_partial_occupancy (test_combinations.CombinationTests.test_atomic_pair_single_swap_and_no_partial_occupancy) ... ok
test_cancelled_seed_pair_does_not_occupy_and_import_roundtrip (test_combinations.CombinationTests.test_cancelled_seed_pair_does_not_occupy_and_import_roundtrip) ... ok
test_invalid_legacy_structure_never_changes_destination (test_combinations.CombinationTests.test_invalid_legacy_structure_never_changes_destination) ... ok
test_legacy_schema1_preserves_receipt_value_and_credentials (test_combinations.CombinationTests.test_legacy_schema1_preserves_receipt_value_and_credentials) ... ok
test_overlap_members_and_half_open_release (test_combinations.CombinationTests.test_overlap_members_and_half_open_release) ... ok
test_pair_canonical_order_and_singleton_alias (test_combinations.CombinationTests.test_pair_canonical_order_and_singleton_alias) ... ok
test_selection_rules_and_failed_key_reuse (test_combinations.CombinationTests.test_selection_rules_and_failed_key_reuse) ... ok
test_50_competitors_never_double_book (test_core.CoreTests.test_50_competitors_never_double_book) ... ok
test_50_identical_requests_have_one_commit (test_core.CoreTests.test_50_identical_requests_have_one_commit) ... ok
test_atomic_swap_and_failure_leave_whole_snapshot_unchanged (test_core.CoreTests.test_atomic_swap_and_failure_leave_whole_snapshot_unchanged) ... ok
test_export_is_detached_and_import_replaces_credentials (test_core.CoreTests.test_export_is_detached_and_import_replaces_credentials) ... ok
test_half_open_and_owner_isolation (test_core.CoreTests.test_half_open_and_owner_isolation) ... ok
test_invalid_import_does_not_replace_any_state (test_core.CoreTests.test_invalid_import_does_not_replace_any_state) ... ok
test_json_type_and_key_boundaries (test_core.CoreTests.test_json_type_and_key_boundaries) ... ok
test_original_receipt_survives_cancel_and_import (test_core.CoreTests.test_original_receipt_survives_cancel_and_import) ... ok
test_past_create_and_cutoff_failure_atomicity (test_core.CoreTests.test_past_create_and_cutoff_failure_atomicity) ... ok
test_receipt_corruption_rejected_atomically (test_core.CoreTests.test_receipt_corruption_rejected_atomically) ... ok
test_reuse_precedes_validation_and_unknown_fields_matter (test_core.CoreTests.test_reuse_precedes_validation_and_unknown_fields_matter) ... ok
test_real_http_types_auth_and_concurrency (test_core.HttpTests.test_real_http_types_auth_and_concurrency) ... ok
test_batch_failure_and_noop_keep_all_counters_and_exceptions (test_policies_series.PolicySeriesTests.test_batch_failure_and_noop_keep_all_counters_and_exceptions) ... ok
test_batch_touches_series_and_restaurant_once (test_policies_series.PolicySeriesTests.test_batch_touches_series_and_restaurant_once) ... ok
test_concurrent_cas_only_one_real_change (test_policies_series.PolicySeriesTests.test_concurrent_cas_only_one_real_change) ... ok
test_effective_date_order_ties_and_immutable_original_terms (test_policies_series.PolicySeriesTests.test_effective_date_order_ties_and_immutable_original_terms) ... ok
test_explanations_report_both_rules_and_policy (test_policies_series.PolicySeriesTests.test_explanations_report_both_rules_and_policy) ... ok
test_history_pair_transitions_cancel_and_cas_precedence (test_policies_series.PolicySeriesTests.test_history_pair_transitions_cancel_and_cas_precedence) ... ok
test_import_preserves_permanent_post_adoption_exceptions (test_policies_series.PolicySeriesTests.test_import_preserves_permanent_post_adoption_exceptions) ... ok
test_invalid_history_and_series_import_are_atomic (test_policies_series.PolicySeriesTests.test_invalid_history_and_series_import_are_atomic) ... ok
test_noop_keeps_terms_even_if_new_policy_would_reject (test_policies_series.PolicySeriesTests.test_noop_keeps_terms_even_if_new_policy_would_reject) ... ok
test_old_cutoff_is_checked_before_new_policy_and_changes (test_policies_series.PolicySeriesTests.test_old_cutoff_is_checked_before_new_policy_and_changes) ... ok
test_policy_change_amendment_revalidates_and_adopts_full_terms (test_policies_series.PolicySeriesTests.test_policy_change_amendment_revalidates_and_adopts_full_terms) ... ok
test_policy_validation_permissions_and_failed_versions (test_policies_series.PolicySeriesTests.test_policy_validation_permissions_and_failed_versions) ... ok
test_series_adopts_anchor_and_preserves_original_receipts (test_policies_series.PolicySeriesTests.test_series_adopts_anchor_and_preserves_original_receipts) ... ok
test_series_count_interval_limits_and_owner_visibility (test_policies_series.PolicySeriesTests.test_series_count_interval_limits_and_owner_visibility) ... ok
test_series_dst_gap_rollback_and_first_fold (test_policies_series.PolicySeriesTests.test_series_dst_gap_rollback_and_first_fold) ... ok
test_series_rolls_back_generated_bookings_histories_and_key (test_policies_series.PolicySeriesTests.test_series_rolls_back_generated_bookings_histories_and_key) ... ok
test_absolute_durations_both_transitions (test_temporal.TemporalTests.test_absolute_durations_both_transitions) ... ok
test_closed_day_and_arbitrary_past_date (test_temporal.TemporalTests.test_closed_day_and_arbitrary_past_date) ... ok
test_gap_slots_omitted_fold_slots_once (test_temporal.TemporalTests.test_gap_slots_omitted_fold_slots_once) ... ok
test_gaps_and_first_folds (test_temporal.TemporalTests.test_gaps_and_first_folds) ... ok
test_grid_anchored_at_opening_and_exact_close (test_temporal.TemporalTests.test_grid_anchored_at_opening_and_exact_close) ... ok
test_invalid_formats_and_types (test_temporal.TemporalTests.test_invalid_formats_and_types) ... ok
test_transition_closing_uses_real_duration (test_temporal.TemporalTests.test_transition_closing_uses_real_duration) ... ok

----------------------------------------------------------------------
Ran 62 tests in 13.632s

OK
