test_seeded_identity_past_dates_reset_and_descending_listing (independent_boundaries.IndependentBoundaries.test_seeded_identity_past_dates_reset_and_descending_listing) ... ok
test_cross_restaurant_tables_and_collective_moves (independent_boundaries.IndependentBoundaries.test_cross_restaurant_tables_and_collective_moves) ... ok
test_eight_item_batch_and_unlisted_occupancy_rollback (independent_boundaries.IndependentBoundaries.test_eight_item_batch_and_unlisted_occupancy_rollback) ... ok
test_concurrent_amendments_cannot_share_target (independent_boundaries.IndependentBoundaries.test_concurrent_amendments_cannot_share_target) ... ok
test_concurrent_signup_one_identity (independent_boundaries.IndependentBoundaries.test_concurrent_signup_one_identity) ... ok
test_batch_input_error_precedes_occupancy_and_noop_occupies (independent_boundaries.IndependentBoundaries.test_batch_input_error_precedes_occupancy_and_noop_occupies) ... ok
test_import_structural_relational_corruptions_roll_back (independent_boundaries.IndependentBoundaries.test_import_structural_relational_corruptions_roll_back) ... ok
test_cutoff_surrounding_current_minute (independent_boundaries.IndependentBoundaries.test_cutoff_surrounding_current_minute) ... ok
test_batch_reads_are_whole_snapshots (independent_boundaries.IndependentBoundaries.test_batch_reads_are_whole_snapshots) ... ok
test_option_order_sums_no_transitivity_and_response_shapes (independent_combinations.IndependentCombinations.test_option_order_sums_no_transitivity_and_response_shapes) ... ok
test_selection_errors_rollback_and_retry_reuse (independent_combinations.IndependentCombinations.test_selection_errors_rollback_and_retry_reuse) ... ok
test_both_members_occupied_then_freed_and_original_receipt (independent_combinations.IndependentCombinations.test_both_members_occupied_then_freed_and_original_receipt) ... ok
test_pair_amendment_identity_noop_and_failed_transition (independent_combinations.IndependentCombinations.test_pair_amendment_identity_noop_and_failed_transition) ... ok
test_atomic_pair_single_swap_and_intra_batch_overlap (independent_combinations.IndependentCombinations.test_atomic_pair_single_swap_and_intra_batch_overlap) ... ok
test_fifty_competing_overlapping_pairs_have_one_winner (independent_combinations.IndependentCombinations.test_fifty_competing_overlapping_pairs_have_one_winner) ... ok
test_seeded_cancelled_pair_occupancy_and_import (independent_combinations.IndependentCombinations.test_seeded_cancelled_pair_occupancy_and_import) ... ok
test_auth_validation_multiple_sessions_and_reset_revocation (independent_contract.IndependentContract.test_auth_validation_multiple_sessions_and_reset_revocation) ... ok
test_batch_shape_owner_and_input_order (independent_contract.IndependentContract.test_batch_shape_owner_and_input_order) ... ok
test_batch_swap_noop_receipt_and_atomic_failure (independent_contract.IndependentContract.test_batch_swap_noop_receipt_and_atomic_failure) ... ok
test_concurrent_competing_50_no_double_booking (independent_contract.IndependentContract.test_concurrent_competing_50_no_double_booking) ... ok
test_concurrent_identical_50_exactly_one_write (independent_contract.IndependentContract.test_concurrent_identical_50_exactly_one_write) ... ok
test_dst_gaps_folds_absolute_durations_arbitrary_year (independent_contract.IndependentContract.test_dst_gaps_folds_absolute_durations_arbitrary_year) ... ok
test_export_import_receipts_sessions_replacement_and_rejection (independent_contract.IndependentContract.test_export_import_receipts_sessions_replacement_and_rejection) ... ok
test_half_open_intervals_grid_capacity_and_failed_patch (independent_contract.IndependentContract.test_half_open_intervals_grid_capacity_and_failed_patch) ... ok
test_health_public_configuration_and_closed_day (independent_contract.IndependentContract.test_health_public_configuration_and_closed_day) ... ok
test_idempotency_boundaries_value_equality_and_precedence (independent_contract.IndependentContract.test_idempotency_boundaries_value_equality_and_precedence) ... ok
test_past_creation_and_current_cutoff (independent_contract.IndependentContract.test_past_creation_and_current_cutoff) ... ok
test_receipts_survive_amend_cancel_and_owner_isolation (independent_contract.IndependentContract.test_receipts_survive_amend_cancel_and_owner_isolation) ... ok
test_slots_from_opening_offset_and_full_empty_rows (independent_contract.IndependentContract.test_slots_from_opening_offset_and_full_empty_rows) ... ok
test_strict_body_query_and_error_types (independent_contract.IndependentContract.test_strict_body_query_and_error_types) ... ok
test_import_cannot_erase_permanent_series_exception (independent_import_relations.IndependentImportRelations.test_import_cannot_erase_permanent_series_exception) ... ok
test_valid_pre_adoption_change_reversion_cancel_and_corrupt_relations (independent_import_relations.IndependentImportRelations.test_valid_pre_adoption_change_reversion_cancel_and_corrupt_relations) ... ok
test_policy_permissions_and_invalid_values_leave_no_version (independent_policies.IndependentPolicies.test_policy_permissions_and_invalid_values_leave_no_version) ... ok
test_effective_date_ties_publication_order_and_original_detail (independent_policies.IndependentPolicies.test_effective_date_ties_publication_order_and_original_detail) ... ok
test_terms_history_noop_amend_cancel_and_original_receipt (independent_policies.IndependentPolicies.test_terms_history_noop_amend_cancel_and_original_receipt) ... ok
test_private_history_decision_and_expected_revision_precedence (independent_policies.IndependentPolicies.test_private_history_decision_and_expected_revision_precedence) ... ok
test_revision_compare_and_swap_fifty_real_changes (independent_policies.IndependentPolicies.test_revision_compare_and_swap_fifty_real_changes) ... ok
test_explanations_independent_rules_shape_and_policy (independent_policies.IndependentPolicies.test_explanations_independent_rules_shape_and_policy) ... ok
test_combination_history_canonical_noop_and_policy_capacity (independent_policies.IndependentPolicies.test_combination_history_canonical_noop_and_policy_capacity) ... ok
test_selection_member_types_and_opaque_id_boundary (independent_review.IndependentReview.test_selection_member_types_and_opaque_id_boundary) ... ok
test_pair_replay_body_order_is_distinct_from_table_set_order (independent_review.IndependentReview.test_pair_replay_body_order_is_distinct_from_table_set_order) ... ok
test_anchor_identity_history_and_max_count_interval (independent_series.IndependentSeries.test_anchor_identity_history_and_max_count_interval) ... ok
test_occurrence_exceptions_cancel_and_original_series_receipt (independent_series.IndependentSeries.test_occurrence_exceptions_cancel_and_original_series_receipt) ... ok
test_adoption_validation_permissions_and_failed_keys (independent_series.IndependentSeries.test_adoption_validation_permissions_and_failed_keys) ... ok
test_occurrence_policy_selection_and_full_failure_rollback (independent_series.IndependentSeries.test_occurrence_policy_selection_and_full_failure_rollback) ... ok
test_recurring_gap_rollback_and_first_fold (independent_series.IndependentSeries.test_recurring_gap_rollback_and_first_fold) ... ok
test_collective_moves_once_per_series_and_rollback (independent_series.IndependentSeries.test_collective_moves_once_per_series_and_rollback) ... ok

----------------------------------------------------------------------
Ran 47 tests in 11.427s

OK
