DEPRECATED: The legacy builder is deprecated and will be removed in a future release.
            Install the buildx component to build images with BuildKit:
            https://docs.docker.com/go/buildx/

Sending build context to Docker daemon  354.8kB
Step 1/13 : FROM python:3.12-slim
 ---> cf9ba7e57be0
Step 2/13 : WORKDIR /app
 ---> Using cache
 ---> 5bd53c76a290
Step 3/13 : RUN apt-get update && apt-get install -y --no-install-recommends nginx-light && rm -rf /var/lib/apt/lists/*
 ---> Using cache
 ---> 8e6b36e5479f
Step 4/13 : COPY requirements.txt /app/requirements.txt
 ---> Using cache
 ---> 54c9d330dbd4
Step 5/13 : RUN pip install --no-cache-dir --require-hashes -r requirements.txt
 ---> Using cache
 ---> 1607f12668c1
Step 6/13 : COPY tablekeeper /app/tablekeeper
 ---> Using cache
 ---> e0e4353bd563
Step 7/13 : COPY static /app/static
 ---> Using cache
 ---> 72ed48b9a2e3
Step 8/13 : COPY deploy /app/deploy
 ---> Using cache
 ---> 48a388453b48
Step 9/13 : RUN mkdir /data && chown 65534:65534 /data
 ---> Using cache
 ---> 67b1908d8b58
Step 10/13 : ENV PORT=8080 PYTHONDONTWRITEBYTECODE=1 PYTHONUNBUFFERED=1 TABLEKEEPER_DB=/data/tablekeeper.sqlite3
 ---> Using cache
 ---> 8bf1266d4b04
Step 11/13 : USER 65534:65534
 ---> Using cache
 ---> 0fa9c7ab4353
Step 12/13 : EXPOSE 8080
 ---> Using cache
 ---> ef386ae59624
Step 13/13 : CMD ["python", "-m", "tablekeeper.launch"]
 ---> Using cache
 ---> 2ab786239522
Successfully built 2ab786239522
Successfully tagged tablekeeper-verifier:clean48c45d0
