DEPRECATED: The legacy builder is deprecated and will be removed in a future release.
            Install the buildx component to build images with BuildKit:
            https://docs.docker.com/go/buildx/

Sending build context to Docker daemon  357.4kB
Step 1/13 : FROM python:3.12-slim
 ---> cf9ba7e57be0
Step 2/13 : WORKDIR /app
 ---> Using cache
 ---> 5bd53c76a290
Step 3/13 : RUN apt-get update && apt-get install -y --no-install-recommends nginx-light && rm -rf /var/lib/apt/lists/*
 ---> Using cache
 ---> 8e6b36e5479f
Step 4/13 : COPY requirements.txt /app/requirements.txt
 ---> Using cache
 ---> 54c9d330dbd4
Step 5/13 : RUN pip install --no-cache-dir --require-hashes -r requirements.txt
 ---> Using cache
 ---> 1607f12668c1
Step 6/13 : COPY tablekeeper /app/tablekeeper
 ---> 91622be111cf
Step 7/13 : COPY static /app/static
 ---> 53c2f441347d
Step 8/13 : COPY deploy /app/deploy
 ---> 164e20647da6
Step 9/13 : RUN mkdir /data && chown 65534:65534 /data
 ---> Running in 828de176b5ad
 ---> Removed intermediate container 828de176b5ad
 ---> ec6508797776
Step 10/13 : ENV PORT=8080 PYTHONDONTWRITEBYTECODE=1 PYTHONUNBUFFERED=1 TABLEKEEPER_DB=/data/tablekeeper.sqlite3
 ---> Running in 1c62a842521a
 ---> Removed intermediate container 1c62a842521a
 ---> 3828f7c89ade
Step 11/13 : USER 65534:65534
 ---> Running in 7b8a10d46b02
 ---> Removed intermediate container 7b8a10d46b02
 ---> 08b1437f966c
Step 12/13 : EXPOSE 8080
 ---> Running in 4ce12bfbc08e
 ---> Removed intermediate container 4ce12bfbc08e
 ---> 8b4f6df1fe48
Step 13/13 : CMD ["python", "-m", "tablekeeper.launch"]
 ---> Running in ddcc7b178ba5
 ---> Removed intermediate container ddcc7b178ba5
 ---> 43aff15ed555
Successfully built 43aff15ed555
Successfully tagged tablekeeper-verifier:70cf83c
