harness could not complete: docker build failed:
Sending build context to Docker daemon  202.8kB

Step 1/5 : FROM python:3.12-slim
 ---> cf9ba7e57be0
Step 2/5 : ENV PIP_DISABLE_PIP_VERSION_CHECK=1 PYTHONUNBUFFERED=1
 ---> Using cache
 ---> e9ecb6fe11d2
Step 3/5 : COPY requirements.txt /tmp/requirements.txt
 ---> Using cache
 ---> ac3618c179ad
Step 4/5 : RUN pip install --no-cache-dir -r /tmp/requirements.txt  && playwright install --with-deps chromium
 ---> Running in 5bb59789d71f
Collecting httpx==0.28.1 (from -r /tmp/requirements.txt (line 1))
  Downloading httpx-0.28.1-py3-none-any.whl.metadata (7.1 kB)
Collecting playwright==1.63.0 (from -r /tmp/requirements.txt (line 2))
  Downloading playwright-1.63.0-py3-none-manylinux_2_17_aarch64.manylinux2014_aarch64.whl.metadata (3.3 kB)
Collecting pytest==9.1.1 (from -r /tmp/requirements.txt (line 3))
  Downloading pytest-9.1.1-py3-none-any.whl.metadata (7.6 kB)
Collecting anyio (from httpx==0.28.1->-r /tmp/requirements.txt (line 1))
  Downloading anyio-4.15.1-py3-none-any.whl.metadata (4.7 kB)
Collecting certifi (from httpx==0.28.1->-r /tmp/requirements.txt (line 1))
  Downloading certifi-2026.7.22-py3-none-any.whl.metadata (2.5 kB)
Collecting httpcore==1.* (from httpx==0.28.1->-r /tmp/requirements.txt (line 1))
  Downloading httpcore-1.0.9-py3-none-any.whl.metadata (21 kB)
Collecting idna (from httpx==0.28.1->-r /tmp/requirements.txt (line 1))
  Downloading idna-3.20-py3-none-any.whl.metadata (7.2 kB)
Collecting pyee<14,>=13 (from playwright==1.63.0->-r /tmp/requirements.txt (line 2))
  Downloading pyee-13.0.1-py3-none-any.whl.metadata (3.0 kB)
Collecting greenlet<4.0.0,>=3.1.1 (from playwright==1.63.0->-r /tmp/requirements.txt (line 2))
  Downloading greenlet-3.5.6-cp312-cp312-manylinux_2_24_aarch64.manylinux_2_28_aarch64.whl.metadata (3.8 kB)
Collecting iniconfig>=1.0.1 (from pytest==9.1.1->-r /tmp/requirements.txt (line 3))
  Downloading iniconfig-2.3.0-py3-none-any.whl.metadata (2.5 kB)
Collecting packaging>=22 (from pytest==9.1.1->-r /tmp/requirements.txt (line 3))
  Downloading packaging-26.3-py3-none-any.whl.metadata (3.5 kB)
Collecting pluggy<2,>=1.5 (from pytest==9.1.1->-r /tmp/requirements.txt (line 3))
  Downloading pluggy-1.6.0-py3-none-any.whl.metadata (4.8 kB)
Collecting pygments>=2.7.2 (from pytest==9.1.1->-r /tmp/requirements.txt (line 3))
  Downloading pygments-2.21.0-py3-none-any.whl.metadata (2.5 kB)
Collecting h11>=0.16 (from httpcore==1.*->httpx==0.28.1->-r /tmp/requirements.txt (line 1))
  Downloading h11-0.16.0-py3-none-any.whl.metadata (8.3 kB)
Collecting typing-extensions (from pyee<14,>=13->playwright==1.63.0->-r /tmp/requirements.txt (line 2))
  Downloading typing_extensions-4.16.0-py3-none-any.whl.metadata (3.3 kB)
Downloading httpx-0.28.1-py3-none-any.whl (73 kB)
Downloading playwright-1.63.0-py3-none-manylinux_2_17_aarch64.manylinux2014_aarch64.whl (47.9 MB)

DEPRECATED: The legacy builder is deprecated and will be removed in a future release.
            Install the buildx component to build images with BuildKit:
            https://docs.docker.com/go/buildx/


building /Users/shivamgupta/Downloads/we-are-developers/stage-1 ...
highest contiguous stage: 0
claimed stage: none (a suite passed under 50% of its checks)
report: /private/tmp/proofline-verifier-s1-isolated-02/report.json
NOTE: this run only includes a portion of the full tests that are applied before judging; this is meant to provide directional feedback, and ultimately you may not pass the stage with the full set of tests.
